|     Settlement Date    |            Incoming    |            Outgoing    |
|         04 Jan 2016    |          $29,799.00    |               $0.00    |
incoming rank: bar
outgoing rank: 
