|     Settlement Date    |            Incoming    |            Outgoing    |
|         03 Jan 2016    |          $14,899.50    |               $0.00    |
incoming rank: bar
outgoing rank: 
